训练5epoch...
E0 loss=0.2799
E1 loss=0.0001
E2 loss=0.0001
E3 loss=0.0001
E4 loss=0.0000

=== TF各位置预测 ===
  pos0 see=BOS pred=0 tgt=8 N
  pos1 see=8 pred=0 tgt=6 N
  pos2 see=6 pred=0 tgt=- N
  pos3 see=- pred=0 tgt=1 N
  pos4 see=1 pred=0 tgt=0 Y
  pos5 see=0 pred=0 tgt== N
  pos6 see== pred=0 tgt=EOS N
  pos0 see=BOS pred=7 tgt=4 N
  pos1 see=4 pred=7 tgt=2 N
  pos2 see=2 pred=7 tgt=- N
  pos3 see=- pred=7 tgt=1 N
  pos4 see=1 pred=7 tgt=7 Y
  pos5 see=7 pred=7 tgt== N
  pos6 see== pred=7 tgt=EOS N

=== 自回归生成 ===
  86-10= → "000"
  42-17= → "777"
  99+88= → "888"
  7-3= → "00000"
